// Jest Snapshot v1, https://goo.gl/fbAQLP

exports[`Search Component renders correctly 1`] = `
<div
  className="jumbotron jumbotron-fluid"
>
  <div
    className="container"
  >
    <h2>
      Hotels
    </h2>
    <p
      className="lead"
    >
      Search best hotel deals available.
    </p>
    <form>
      <div
        className="form-row"
      >
        <div
          className="form-group col-md-6"
        >
          <label
            className="sr-only"
            htmlFor="hotelName"
          >
            Hotel Name
          </label>
          <input
            className="form-control mb-2 mr-sm-2"
            id="hotelName"
            onChange={[MockFunction]}
            placeholder="Search by hotel name"
            type="text"
          />
        </div>
        <div
          className="form-group col-md-6"
        >
          <button
            className="btn btn-primary mb-2"
            type="submit"
          >
            Search
          </button>
        </div>
      </div>
      <a
        aria-controls="collapseExample"
        aria-expanded="false"
        className="advance-search"
        data-toggle="collapse"
        href="#collapseExample"
      >
        Advanced Search
      </a>
      <div
        className="form-row collapse"
        id="collapseExample"
      >
        <div
          className="form-group col-md-3 mr-2"
        >
          <label
            className="text-muted"
          >
            Stars:
          </label>
          <div
            className="form-check"
          >
            <input
              className="form-check-input"
              id="5star"
              type="checkbox"
              value="5"
            />
            <label
              className="form-check-label"
              htmlFor="5star"
            >
              5 stars
            </label>
          </div>
          <div
            className="form-check"
          >
            <input
              className="form-check-input"
              id="4star"
              type="checkbox"
              value="4"
            />
            <label
              className="form-check-label"
              htmlFor="4star"
            >
              4 stars
            </label>
          </div>
          <div
            className="form-check"
          >
            <input
              className="form-check-input"
              id="3star"
              type="checkbox"
              value="3"
            />
            <label
              className="form-check-label"
              htmlFor="3star"
            >
              3 stars
            </label>
          </div>
          <div
            className="form-check"
          >
            <input
              className="form-check-input"
              id="2star"
              type="checkbox"
              value="2"
            />
            <label
              className="form-check-label"
              htmlFor="2star"
            >
              2 stars
            </label>
          </div>
          <div
            className="form-check"
          >
            <input
              className="form-check-input"
              id="1star"
              type="checkbox"
              value="1"
            />
            <label
              className="form-check-label"
              htmlFor="1star"
            >
              1 stars
            </label>
          </div>
          <div
            className="form-check"
          >
            <input
              className="form-check-input"
              id="unrated"
              type="checkbox"
              value="0"
            />
            <label
              className="form-check-label"
              htmlFor="unrated"
            >
              Unrated
            </label>
          </div>
        </div>
        <div
          className="form-group col-md-3 mr-2"
        >
          <label
            className="text-muted"
          >
            User Rating:
          </label>
          <div
            className="form-check"
          >
            <input
              className="form-check-input"
              id="spectacular"
              type="checkbox"
              value="10"
            />
            <label
              className="form-check-label"
              htmlFor="spectacular"
            >
              Spectacular 
              <small>
                <strong>
                  (10)
                </strong>
              </small>
            </label>
          </div>
          <div
            className="form-check"
          >
            <input
              className="form-check-input"
              id="exceptional"
              type="checkbox"
              value="9"
            />
            <label
              className="form-check-label"
              htmlFor="exceptional"
            >
              Exceptional 
              <small>
                <strong>
                  (9+)
                </strong>
              </small>
            </label>
          </div>
          <div
            className="form-check"
          >
            <input
              className="form-check-input"
              id="excellent"
              type="checkbox"
              value="8"
            />
            <label
              className="form-check-label"
              htmlFor="excellent"
            >
              Excellent 
              <small>
                <strong>
                  (8+)
                </strong>
              </small>
            </label>
          </div>
          <div
            className="form-check"
          >
            <input
              className="form-check-input"
              id="2star"
              type="checkbox"
              value="7"
            />
            <label
              className="form-check-label"
              htmlFor="2star"
            >
              Good 
              <small>
                <strong>
                  (7+)
                </strong>
              </small>
            </label>
          </div>
          <div
            className="form-check"
          >
            <input
              className="form-check-input"
              id="1star"
              type="checkbox"
              value="6"
            />
            <label
              className="form-check-label"
              htmlFor="1star"
            >
              Above Average 
              <small>
                <strong>
                  (6+)
                </strong>
              </small>
            </label>
          </div>
          <div
            className="form-check"
          >
            <input
              className="form-check-input"
              id="1star"
              type="checkbox"
              value="5"
            />
            <label
              className="form-check-label"
              htmlFor="1star"
            >
              Average 
              <small>
                <strong>
                  (5+)
                </strong>
              </small>
            </label>
          </div>
          <div
            className="form-check"
          >
            <input
              className="form-check-input"
              id="1star"
              type="checkbox"
              value="4"
            />
            <label
              className="form-check-label"
              htmlFor="1star"
            >
              Below Average 
              <small>
                <strong>
                  (4+)
                </strong>
              </small>
            </label>
          </div>
          <div
            className="form-check"
          >
            <input
              className="form-check-input"
              id="1star"
              type="checkbox"
              value="3"
            />
            <label
              className="form-check-label"
              htmlFor="1star"
            >
              Unsatisfactory 
              <small>
                <strong>
                  (3+)
                </strong>
              </small>
            </label>
          </div>
          <div
            className="form-check"
          >
            <input
              className="form-check-input"
              id="1star"
              type="checkbox"
              value="2"
            />
            <label
              className="form-check-label"
              htmlFor="1star"
            >
              Poor 
              <small>
                <strong>
                  (2+)
                </strong>
              </small>
            </label>
          </div>
          <div
            className="form-check"
          >
            <input
              className="form-check-input"
              id="1star"
              type="checkbox"
              value="1"
            />
            <label
              className="form-check-label"
              htmlFor="1star"
            >
              Very Poor 
              <small>
                <strong>
                  (1+)
                </strong>
              </small>
            </label>
          </div>
          <div
            className="form-check"
          >
            <input
              className="form-check-input"
              id="unrated"
              type="checkbox"
              value="0"
            />
            <label
              className="form-check-label"
              htmlFor="unrated"
            >
              Unrated
            </label>
          </div>
        </div>
        <div
          className="form-group col-md-3 mr-2"
        >
          <label
            className="text-muted"
            htmlFor="minCost"
          >
            Maximum cost (per night):
          </label>
          <div
            className="input-group"
          >
            <div
              className="input-group-prepend"
            >
              <span
                className="input-group-text"
              >
                Â£
              </span>
            </div>
            <input
              aria-label="Amount (to the nearest pound)"
              className="form-control"
              id="minCost"
              name="minCost"
              placeholder="0"
              type="number"
            />
          </div>
        </div>
      </div>
    </form>
  </div>
</div>
`;
