// Jest Snapshot v1, https://goo.gl/fbAQLP

exports[`Hotel Component renders correctly 1`] = `
<div
  className="hotel card mb-3"
>
  <div
    className="card-body"
  >
    <div
      className="card-text"
    >
      <img
        alt="Aberotel Montparnasse"
        className="rounded float-md-left float-sm-left mr-3"
        src="https://i.t-rp.co.uk/ei/2/1/8/2/9/4/4/0_80_80.jpg"
      />
      <div
        className="float-md-left float-sm-left"
      >
        <h5
          className="card-title"
        >
          Aberotel Montparnasse
        </h5>
        <div
          className="stars"
        >
          <span
            className="fa fa-star checked"
          />
          <span
            className="fa fa-star checked"
          />
          <span
            className="fa fa-star checked"
          />
          <span
            className="fa fa-star false"
          />
          <span
            className="fa fa-star false"
          />
        </div>
        <div>
          Paris
            (
          <span
            className="fa fa-map-marker"
          />
           
          3.49
           miles away)
        </div>
      </div>
      <div
        className="float-md-right text-md-right float-sm-left text-sm-left"
      >
        <div>
          Great
           - 
          8
           / 10
        </div>
        <div
          className="mb-3 text-muted"
        >
          1
           reviews
        </div>
        <div
          className="font-weight-bold font-italic"
        >
          £
          844
           (per night)
        </div>
      </div>
    </div>
  </div>
</div>
`;
