// Jest Snapshot v1, https://goo.gl/fbAQLP

exports[`SortBar Component renders correctly 1`] = `
<nav
  className="sortbar navbar navbar-expand-lg navbar-light"
>
  <button
    className="navbar-toggler"
    data-target="#sortBy"
    data-toggle="collapse"
    type="button"
  >
    Sort by 
    <span
      className="fa fa-sort"
    />
  </button>
  <div
    className="collapse navbar-collapse"
    id="sortBy"
  >
    <div
      className="navbar-nav"
    >
      <a
        className="nav-item nav-link "
        field="Distance"
        href="#"
        onClick={[Function]}
        order="undefined"
      >
        Distance
      </a>
      <a
        className="nav-item nav-link "
        field="Stars"
        href="#"
        onClick={[Function]}
        order="undefined"
      >
        Stars
      </a>
      <a
        className="nav-item nav-link "
        field="MinCost"
        href="#"
        onClick={[Function]}
        order="undefined"
      >
        Minimum Cost
      </a>
      <a
        className="nav-item nav-link "
        field="UserRating"
        href="#"
        onClick={[Function]}
        order="undefined"
      >
        User ratings
      </a>
    </div>
  </div>
</nav>
`;
