// Jest Snapshot v1, https://goo.gl/fbAQLP

exports[`Pagination Component renders correctly 1`] = `
<nav>
  <ul
    className="pagination float-right"
  >
    <li
      className="page-item prev disabled"
    >
      <a
        aria-label="Previous"
        className="page-link"
        href="#"
        onClick={[MockFunction]}
        page={0}
      >
        <span
          aria-hidden="true"
          onClick={[MockFunction]}
          page={0}
        >
          «
        </span>
        <span
          className="sr-only"
        >
          Previous
        </span>
      </a>
    </li>
    <li
      className="page-item page-item-1 active"
    >
      <a
        className="page-link"
        href="#"
        onClick={[MockFunction]}
        page={1}
      >
        1
      </a>
    </li>
    <li
      className="page-item page-item-2 "
    >
      <a
        className="page-link"
        href="#"
        onClick={[MockFunction]}
        page={2}
      >
        2
      </a>
    </li>
    <li
      className="page-item next "
    >
      <a
        aria-label="Next"
        className="page-link"
        href="#"
        onClick={[MockFunction]}
        page={2}
      >
        <span
          aria-hidden="true"
          onClick={[MockFunction]}
          page={2}
        >
          »
        </span>
        <span
          className="sr-only"
        >
          Next
        </span>
      </a>
    </li>
  </ul>
  <div
    className="font-italic text-muted"
  >
    Page: 1 / 2
  </div>
</nav>
`;
